MariaDB [(none)]> show databases;
+--------------------+
| Database           |
+--------------------+
| abdealitest        |
| c0176012_test1     |
| findspace          |
| information_schema |
| mysql              |
| mytestdb           |
| performance_schema |
| phpmyadmin         |
| test               |
+--------------------+
9 rows in set (0.00 sec)

MariaDB [(none)]> use abdealitest;
Database changed
MariaDB [abdealitest]> show tables;
+-----------------------+
| Tables_in_abdealitest |
+-----------------------+
| tblcategory           |
| tbluser               |
+-----------------------+
2 rows in set (0.04 sec)

MariaDB [abdealitest]> use c0716012_test1;
ERROR 1049 (42000): Unknown database 'c0716012_test1'
MariaDB [abdealitest]> use c0176012_test1;
Database changed
MariaDB [c0176012_test1]> show tables;
+--------------------------+
| Tables_in_c0176012_test1 |
+--------------------------+
| movies                   |
| movietheaters            |
+--------------------------+
2 rows in set (0.00 sec)

MariaDB [c0176012_test1]> use test;
Database changed
MariaDB [test]> show tables;
Empty set (0.00 sec)

MariaDB [test]> use mytestdb;
Database changed
MariaDB [mytestdb]> show tables;
+--------------------+
| Tables_in_mytestdb |
+--------------------+
| audittable         |
| client             |
| employee           |
| has_clearance      |
| manufacturers      |
| package            |
| pet                |
| pieces             |
| planet             |
| products           |
| providers          |
| provides           |
| shipment           |
| student            |
| v2                 |
| v3                 |
+--------------------+
16 rows in set (0.00 sec)

MariaDB [mytestdb]> create view V1 as 
    -> select;
ERROR 1064 (42000): You have an error in your SQL syntax; check the manual that corresponds to your MariaDB server version for the right syntax to use near '' at line 2
MariaDB [mytestdb]> 
MariaDB [mytestdb]> select * from Employee;
+------------+--------------------------+--------------+---------+----------------------------------------------------+
| EmployeeId | Name                     | Position     | Salary  | Remarks                                            |
+------------+--------------------------+--------------+---------+----------------------------------------------------+
|          1 | Phillip J. Fry           | Delivery boy | 7500.0  | Not to be confused with the Philip J. Fry from Hov |
|          2 | Turanga Leela            | Captain      | 10000.0 | NULL                                               |
|          3 | Bender Bending Rodriguez | Robot        | 7500.0  | NULL                                               |
|          4 | Hubert J. Farnsworth     | CEO          | 20000.0 | NULL                                               |
|          5 | John A. Zoidberg         | Physician    | 25.0    | NULL                                               |
|          6 | Amy Wong                 | Intern       | 5000.0  | NULL                                               |
|          7 | Hermes Conrad            | Bureaucrat   | 10000.0 | NULL                                               |
|          8 | Scruffy Scruffington     | Janitor      | 5000.0  | NULL                                               |
+------------+--------------------------+--------------+---------+----------------------------------------------------+
8 rows in set (0.07 sec)

MariaDB [mytestdb]> select * from Shipment;
+------------+--------------+---------+----------+
| ShipmentId | ShipmentDate | Manager | PlanetId |
+------------+--------------+---------+----------+
|          1 | 3004-05-11   |       1 |        1 |
|          2 | 3004-05-11   |       1 |        2 |
|          3 | NULL         |       2 |        3 |
|          4 | NULL         |       2 |        4 |
|          5 | NULL         |       7 |        5 |
+------------+--------------+---------+----------+
5 rows in set (0.06 sec)

MariaDB [mytestdb]> Select * from Package;
+---------------+------------+-------------------+--------+--------+-----------+
| PackageNumber | ShipmentId | Contents          | Weight | Sender | Recipient |
+---------------+------------+-------------------+--------+--------+-----------+
|             1 |          1 | Undeclared        |    1.5 |      1 |         2 |
|             2 |          1 | Undeclared        |     10 |      2 |         3 |
|             3 |          1 | Undeclared        |     15 |      3 |         4 |
|             4 |          1 | Undeclared        |      5 |      4 |         5 |
|             5 |          1 | Undeclared        |    100 |      5 |         1 |
|             2 |          2 | A bucket of krill |      2 |      8 |         7 |
|             3 |          2 | Undeclared        |      3 |      5 |         1 |
|             4 |          2 | Undeclared        |     27 |      1 |         2 |
|             3 |          3 | Undeclared        |      7 |      2 |         3 |
+---------------+------------+-------------------+--------+--------+-----------+
9 rows in set (0.06 sec)

MariaDB [mytestdb]> select * from Employee where Name='Turanga Leela';
+------------+---------------+----------+---------+---------+
| EmployeeId | Name          | Position | Salary  | Remarks |
+------------+---------------+----------+---------+---------+
|          2 | Turanga Leela | Captain  | 10000.0 | NULL    |
+------------+---------------+----------+---------+---------+
1 row in set (0.02 sec)

MariaDB [mytestdb]> Select * from Shipment where Manager=2;
+------------+--------------+---------+----------+
| ShipmentId | ShipmentDate | Manager | PlanetId |
+------------+--------------+---------+----------+
|          3 | NULL         |       2 |        3 |
|          4 | NULL         |       2 |        4 |
+------------+--------------+---------+----------+
2 rows in set (0.05 sec)

MariaDB [mytestdb]> Select * from Package where Shipment in (3,4);
ERROR 1054 (42S22): Unknown column 'Shipment' in 'where clause'
MariaDB [mytestdb]> Select * from Package where ShipmentId in (3,4);
+---------------+------------+------------+--------+--------+-----------+
| PackageNumber | ShipmentId | Contents   | Weight | Sender | Recipient |
+---------------+------------+------------+--------+--------+-----------+
|             3 |          3 | Undeclared |      7 |      2 |         3 |
+---------------+------------+------------+--------+--------+-----------+
1 row in set (0.00 sec)

MariaDB [mytestdb]> Select * from Client;
+---------------+-------------------+
| AccountNumber | Name              |
+---------------+-------------------+
|             1 | Zapp Brannigan    |
|             2 | Al Gore's Head    |
|             3 | Barbados Slim     |
|             4 | Ogden Wernstrom   |
|             5 | Leo Wong          |
|             6 | Lrrr              |
|             7 | John Zoidberg     |
|             8 | John Zoidfarb     |
|             9 | Morbo             |
|            10 | Judge John Whitey |
|            11 | Calculon          |
+---------------+-------------------+
11 rows in set (0.05 sec)

MariaDB [mytestdb]> Select p.PackageNumber,s.Shipmentdate, p.Contents,p.Weight,
    -> snd.Name as Sender,rep.Name as Recipient, emp.Name
    -> 
    -> from Package p right join Shipment s 
    -> on s.ShipmentId =p.ShipmentId 
    -> left join Client snd on snd.AccountNumber=p.Sender
    -> left join Client rep on rep.AccountNumber=p.Recipient
    -> right join Employee emp on emp.EmployeeId=s.Manager 
    -> 
    -> where emp.Name ='Turanga Leela';
+---------------+--------------+------------+--------+----------------+---------------+---------------+
| PackageNumber | Shipmentdate | Contents   | Weight | Sender         | Recipient     | Name          |
+---------------+--------------+------------+--------+----------------+---------------+---------------+
|             3 | NULL         | Undeclared |      7 | Al Gore's Head | Barbados Slim | Turanga Leela |
|          NULL | NULL         | NULL       |   NULL | NULL           | NULL          | Turanga Leela |
+---------------+--------------+------------+--------+----------------+---------------+---------------+
2 rows in set (0.03 sec)

MariaDB [mytestdb]> Select p.PackageNumber,s.Shipmentdate, p.Contents,p.Weight,
    -> snd.Name as Sender,rep.Name as Recipient, emp.Name
    -> 
    -> from Package p left join Shipment s 
    -> on s.ShipmentId =p.ShipmentId 
    -> left join Client snd on snd.AccountNumber=p.Sender
    -> left join Client rep on rep.AccountNumber=p.Recipient
    -> right join Employee emp on emp.EmployeeId=s.Manager 
    -> 
    -> where emp.Name ='Turanga Leela';
+---------------+--------------+------------+--------+----------------+---------------+---------------+
| PackageNumber | Shipmentdate | Contents   | Weight | Sender         | Recipient     | Name          |
+---------------+--------------+------------+--------+----------------+---------------+---------------+
|             3 | NULL         | Undeclared |      7 | Al Gore's Head | Barbados Slim | Turanga Leela |
+---------------+--------------+------------+--------+----------------+---------------+---------------+
1 row in set (0.00 sec)

MariaDB [mytestdb]> Create View v1 as Select p.PackageNumber,s.Shipmentdate, p.Contents,p.Weight,
    -> snd.Name as Sender,rep.Name as Recipient, emp.Name
    -> 
    -> from Package p left join Shipment s 
    -> on s.ShipmentId =p.ShipmentId 
    -> left join Client snd on snd.AccountNumber=p.Sender
    -> left join Client rep on rep.AccountNumber=p.Recipient
    -> right join Employee emp on emp.EmployeeId=s.Manager 
    -> 
    -> where emp.Name ='Turanga Leela';
Query OK, 0 rows affected (0.05 sec)

MariaDB [mytestdb]> Select * from v1;
+---------------+--------------+------------+--------+----------------+---------------+---------------+
| PackageNumber | Shipmentdate | Contents   | Weight | Sender         | Recipient     | Name          |
+---------------+--------------+------------+--------+----------------+---------------+---------------+
|             3 | NULL         | Undeclared |      7 | Al Gore's Head | Barbados Slim | Turanga Leela |
+---------------+--------------+------------+--------+----------------+---------------+---------------+
1 row in set (0.02 sec)

MariaDB [mytestdb]> 
MariaDB [mytestdb]> Select p.PackageNumber,, p.Contents,p.Weight,
    -> snd.Name as Sender,rep.Name as Recipient
    -> 
    -> from Package p 
    -> left join Client rep on rep.AccountNumber=p.Recipient
    -> where rep.Id in (1,5,6);
ERROR 1064 (42000): You have an error in your SQL syntax; check the manual that corresponds to your MariaDB server version for the right syntax to use near ' p.Contents,p.Weight,
snd.Name as Sender,rep.Name as Recipient

from Package p 
' at line 1
MariaDB [mytestdb]> Select p.PackageNumber, p.Contents,p.Weight,
    -> rep.Name as Recipient
    -> 
    -> from Package p 
    -> left join Client rep on rep.AccountNumber=p.Recipient
    -> where rep.Id in (1,5,6);
ERROR 1054 (42S22): Unknown column 'rep.Id' in 'where clause'
MariaDB [mytestdb]> Select p.PackageNumber, p.Contents,p.Weight,
    -> rep.Name as Recipient
    -> 
    -> from Package p 
    -> left join Client rep on rep.AccountNumber=p.Recipient
    -> where rep.AccountNumber in (1,5,6);
+---------------+------------+--------+----------------+
| PackageNumber | Contents   | Weight | Recipient      |
+---------------+------------+--------+----------------+
|             4 | Undeclared |      5 | Leo Wong       |
|             5 | Undeclared |    100 | Zapp Brannigan |
|             3 | Undeclared |      3 | Zapp Brannigan |
+---------------+------------+--------+----------------+
3 rows in set (0.06 sec)

MariaDB [mytestdb]> Select p.PackageNumber, p.Contents,p.Weight,
    -> rep.Name as Recipient
    -> 
    -> from Package p 
    -> left join Client rep on rep.AccountNumber=p.Recipient
    -> where rep.Recipient in (1,5,6);
ERROR 1054 (42S22): Unknown column 'rep.Recipient' in 'where clause'
MariaDB [mytestdb]> Select p.PackageNumber, p.Contents,p.Weight,
    -> rep.Name as Recipient
    -> 
    -> from Package p 
    -> left join Client rep on rep.AccountNumber=p.Recipient
    -> where p.Recipient in (1,5,6);
+---------------+------------+--------+----------------+
| PackageNumber | Contents   | Weight | Recipient      |
+---------------+------------+--------+----------------+
|             4 | Undeclared |      5 | Leo Wong       |
|             5 | Undeclared |    100 | Zapp Brannigan |
|             3 | Undeclared |      3 | Zapp Brannigan |
+---------------+------------+--------+----------------+
3 rows in set (0.00 sec)

MariaDB [mytestdb]> Select p.PackageNumber, p.Contents,p.Weight,
    -> rep.Name as Recipient
    -> 
    -> from Package p 
    -> inner join Client rep on rep.AccountNumber=p.Recipient
    -> where p.Recipient in (1,5,6);
+---------------+------------+--------+----------------+
| PackageNumber | Contents   | Weight | Recipient      |
+---------------+------------+--------+----------------+
|             4 | Undeclared |      5 | Leo Wong       |
|             5 | Undeclared |    100 | Zapp Brannigan |
|             3 | Undeclared |      3 | Zapp Brannigan |
+---------------+------------+--------+----------------+
3 rows in set (0.00 sec)

MariaDB [mytestdb]> Select * from Package where Recipient =1;
+---------------+------------+------------+--------+--------+-----------+
| PackageNumber | ShipmentId | Contents   | Weight | Sender | Recipient |
+---------------+------------+------------+--------+--------+-----------+
|             5 |          1 | Undeclared |    100 |      5 |         1 |
|             3 |          2 | Undeclared |      3 |      5 |         1 |
+---------------+------------+------------+--------+--------+-----------+
2 rows in set (0.00 sec)

MariaDB [mytestdb]> create VIEW v2 as Select p.PackageNumber, p.Contents,p.Weight,
    -> rep.Name as Recipient
    -> 
    -> from Package p 
    -> left join Client rep on rep.AccountNumber=p.Recipient
    -> where p.Recipient in (1,5,6);
ERROR 1050 (42S01): Table 'v2' already exists
MariaDB [mytestdb]> drop view v2;
Query OK, 0 rows affected (0.00 sec)

MariaDB [mytestdb]> create VIEW v2 as Select p.PackageNumber, p.Contents,p.Weight,
    -> rep.Name as Recipient
    -> 
    -> from Package p 
    -> left join Client rep on rep.AccountNumber=p.Recipient
    -> where p.Recipient in (1,5,6);
Query OK, 0 rows affected (0.03 sec)

MariaDB [mytestdb]> select * from V2;
+---------------+------------+--------+----------------+
| PackageNumber | Contents   | Weight | Recipient      |
+---------------+------------+--------+----------------+
|             4 | Undeclared |      5 | Leo Wong       |
|             5 | Undeclared |    100 | Zapp Brannigan |
|             3 | Undeclared |      3 | Zapp Brannigan |
+---------------+------------+--------+----------------+
3 rows in set (0.00 sec)

MariaDB [mytestdb]> Select * from has_clearance;
+----------+--------+-------+
| Employee | Planet | Level |
+----------+--------+-------+
|        1 |      1 |     2 |
|        1 |      2 |     3 |
|        2 |      3 |     2 |
|        2 |      4 |     4 |
|        3 |      5 |     2 |
|        3 |      6 |     4 |
|        4 |      7 |     1 |
+----------+--------+-------+
7 rows in set (0.02 sec)

MariaDB [mytestdb]> Select * from Planet;
+----------+------------------+------------------+
| PlanetId | Name             | Coordinate       |
+----------+------------------+------------------+
|        1 | Omicron Persei 8 |    89475345.3545 |
|        2 | Decapod X        | 65498463216.3466 |
|        3 | Mars             |   32435021.65468 |
|        4 | Omega III        |    98432121.5464 |
|        5 | Tarantulon VI    | 849842198.354654 |
|        6 | Cannibalon       |  654321987.21654 |
|        7 | DogDoo VII       |  65498721354.688 |
|        8 | Nintenduu 64     |  6543219894.1654 |
|        9 | Amazonia         | 65432135979.6547 |
+----------+------------------+------------------+
9 rows in set (0.04 sec)

MariaDB [mytestdb]> Select p.PackageNumber,
    -> Concat(s.Shipmentdate.Month,', ',s.Shipmentdate.Day, ' ',s.Shipmentdate.Year) as ShipmentDate,
    -> p.Contents,p.Weight,
    -> snd.Name as Sender,rep.Name as Recipient, emp.Name
    -> from Package p left join Shipment s 
    -> on s.ShipmentId =p.ShipmentId 
    -> left join Client snd on snd.AccountNumber=p.Sender
    -> left join Client rep on rep.AccountNumber=p.Recipient
    -> where p.weight between 5 and 10;
ERROR 1054 (42S22): Unknown column 's.Shipmentdate.Month' in 'field list'
MariaDB [mytestdb]> 
MariaDB [mytestdb]> Select p.PackageNumber,
    -> Concat(s.Shipmentdate.Month(),', ',s.Shipmentdate.Day(), ' ',s.Shipmentdate.Year()) as ShipmentDate,
    -> p.Contents,p.Weight,
    -> snd.Name as Sender,rep.Name as Recipient, emp.Name
    -> from Package p left join Shipment s 
    -> on s.ShipmentId =p.ShipmentId 
    -> left join Client snd on snd.AccountNumber=p.Sender
    -> left join Client rep on rep.AccountNumber=p.Recipient
    -> where p.weight between 5 and 10;
ERROR 1064 (42000): You have an error in your SQL syntax; check the manual that corresponds to your MariaDB server version for the right syntax to use near '(),', ',s.Shipmentdate.Day(), ' ',s.Shipmentdate.Year()) as ShipmentDate,
p.Cont' at line 2
MariaDB [mytestdb]> Select ShipmentDate.Year from Shipment;
ERROR 1054 (42S22): Unknown column 'ShipmentDate.Year' in 'field list'
MariaDB [mytestdb]> Select ShipmentDate.Year() from Shipment;
ERROR 1630 (42000): FUNCTION shipmentdate.Year does not exist. Check the 'Function Name Parsing and Resolution' section in the Reference Manual
MariaDB [mytestdb]> Select * from Shipment;
+------------+--------------+---------+----------+
| ShipmentId | ShipmentDate | Manager | PlanetId |
+------------+--------------+---------+----------+
|          1 | 3004-05-11   |       1 |        1 |
|          2 | 3004-05-11   |       1 |        2 |
|          3 | NULL         |       2 |        3 |
|          4 | NULL         |       2 |        4 |
|          5 | NULL         |       7 |        5 |
+------------+--------------+---------+----------+
5 rows in set (0.00 sec)

MariaDB [mytestdb]> Select ShipmentDate.Year from Shipment;
ERROR 1054 (42S22): Unknown column 'ShipmentDate.Year' in 'field list'
MariaDB [mytestdb]> desc Shipment;
+--------------+---------+------+-----+---------+----------------+
| Field        | Type    | Null | Key | Default | Extra          |
+--------------+---------+------+-----+---------+----------------+
| ShipmentId   | int(11) | NO   | PRI | NULL    | auto_increment |
| ShipmentDate | date    | YES  |     | NULL    |                |
| Manager      | int(11) | YES  | MUL | NULL    |                |
| PlanetId     | int(11) | YES  | MUL | NULL    |                |
+--------------+---------+------+-----+---------+----------------+
4 rows in set (0.02 sec)

MariaDB [mytestdb]> Select MonthName(ShipmentDate) from Shipment;
+-------------------------+
| MonthName(ShipmentDate) |
+-------------------------+
| May                     |
| May                     |
| NULL                    |
| NULL                    |
| NULL                    |
+-------------------------+
5 rows in set (0.05 sec)

MariaDB [mytestdb]> Select DayName(ShipmentDate) from Shipment;
+-----------------------+
| DayName(ShipmentDate) |
+-----------------------+
| Friday                |
| Friday                |
| NULL                  |
| NULL                  |
| NULL                  |
+-----------------------+
5 rows in set (0.00 sec)

MariaDB [mytestdb]> Select Day(ShipmentDate) from Shipment;
+-------------------+
| Day(ShipmentDate) |
+-------------------+
|                11 |
|                11 |
|              NULL |
|              NULL |
|              NULL |
+-------------------+
5 rows in set (0.02 sec)

MariaDB [mytestdb]> Select Year(ShipmentDate) from Shipment;
+--------------------+
| Year(ShipmentDate) |
+--------------------+
|               3004 |
|               3004 |
|               NULL |
|               NULL |
|               NULL |
+--------------------+
5 rows in set (0.00 sec)

MariaDB [mytestdb]> Select p.PackageNumber,
    -> Concat(MonthName(s.Shipmentdate),', ',Day(s.Shipmentdate), ' ',Year(s.Shipmentdate)) as ShipmentDate,
    -> p.Contents,p.Weight,
    -> snd.Name as Sender,rep.Name as Recipient, emp.Name
    -> from Package p left join Shipment s 
    -> on s.ShipmentId =p.ShipmentId 
    -> left join Client snd on snd.AccountNumber=p.Sender
    -> left join Client rep on rep.AccountNumber=p.Recipient
    -> where p.weight between 5 and 10;
ERROR 1054 (42S22): Unknown column 'emp.Name' in 'field list'
MariaDB [mytestdb]> Select p.PackageNumber,
    -> Concat(MonthName(s.Shipmentdate),', ',Day(s.Shipmentdate), ' ',Year(s.Shipmentdate)) as ShipmentDate,
    -> p.Contents,p.Weight,
    -> snd.Name as Sender,rep.Name as Recipient
    -> from Package p left join Shipment s 
    -> on s.ShipmentId =p.ShipmentId 
    -> left join Client snd on snd.AccountNumber=p.Sender
    -> left join Client rep on rep.AccountNumber=p.Recipient
    -> where p.weight between 5 and 10;
+---------------+--------------+------------+--------+-----------------+---------------+
| PackageNumber | ShipmentDate | Contents   | Weight | Sender          | Recipient     |
+---------------+--------------+------------+--------+-----------------+---------------+
|             2 | May, 11 3004 | Undeclared |     10 | Al Gore's Head  | Barbados Slim |
|             4 | May, 11 3004 | Undeclared |      5 | Ogden Wernstrom | Leo Wong      |
|             3 | NULL         | Undeclared |      7 | Al Gore's Head  | Barbados Slim |
+---------------+--------------+------------+--------+-----------------+---------------+
3 rows in set (0.00 sec)

MariaDB [mytestdb]> Create View v4 as Select p.PackageNumber,
    -> Concat(MonthName(s.Shipmentdate),', ',Day(s.Shipmentdate), ' ',Year(s.Shipmentdate)) as ShipmentDate,
    -> p.Contents,p.Weight,
    -> snd.Name as Sender,rep.Name as Recipient
    -> from Package p left join Shipment s 
    -> on s.ShipmentId =p.ShipmentId 
    -> left join Client snd on snd.AccountNumber=p.Sender
    -> left join Client rep on rep.AccountNumber=p.Recipient
    -> where p.weight between 5 and 10;
Query OK, 0 rows affected (0.06 sec)

MariaDB [mytestdb]> Select * from v4;
+---------------+--------------+------------+--------+-----------------+---------------+
| PackageNumber | ShipmentDate | Contents   | Weight | Sender          | Recipient     |
+---------------+--------------+------------+--------+-----------------+---------------+
|             2 | May, 11 3004 | Undeclared |     10 | Al Gore's Head  | Barbados Slim |
|             4 | May, 11 3004 | Undeclared |      5 | Ogden Wernstrom | Leo Wong      |
|             3 | NULL         | Undeclared |      7 | Al Gore's Head  | Barbados Slim |
+---------------+--------------+------------+--------+-----------------+---------------+
3 rows in set (0.00 sec)

MariaDB [mytestdb]> Select rep.AccountNumber,rep.Name as Client
    -> from Package p 
    -> left join Client rep on rep.AccountNumber=p.Recipient
    -> where p.Contents ='Undeclared';
+---------------+-----------------+
| AccountNumber | Client          |
+---------------+-----------------+
|             2 | Al Gore's Head  |
|             3 | Barbados Slim   |
|             4 | Ogden Wernstrom |
|             5 | Leo Wong        |
|             1 | Zapp Brannigan  |
|             1 | Zapp Brannigan  |
|             2 | Al Gore's Head  |
|             3 | Barbados Slim   |
+---------------+-----------------+
8 rows in set (0.00 sec)

MariaDB [mytestdb]> Select * from Package where Contents ='Undeclared';
+---------------+------------+------------+--------+--------+-----------+
| PackageNumber | ShipmentId | Contents   | Weight | Sender | Recipient |
+---------------+------------+------------+--------+--------+-----------+
|             1 |          1 | Undeclared |    1.5 |      1 |         2 |
|             2 |          1 | Undeclared |     10 |      2 |         3 |
|             3 |          1 | Undeclared |     15 |      3 |         4 |
|             4 |          1 | Undeclared |      5 |      4 |         5 |
|             5 |          1 | Undeclared |    100 |      5 |         1 |
|             3 |          2 | Undeclared |      3 |      5 |         1 |
|             4 |          2 | Undeclared |     27 |      1 |         2 |
|             3 |          3 | Undeclared |      7 |      2 |         3 |
+---------------+------------+------------+--------+--------+-----------+
8 rows in set (0.00 sec)

MariaDB [mytestdb]> Select distinct rep.AccountNumber,rep.Name as Client
    -> from Package p 
    -> left join Client rep on rep.AccountNumber=p.Recipient
    -> where p.Contents ='Undeclared';
+---------------+-----------------+
| AccountNumber | Client          |
+---------------+-----------------+
|             2 | Al Gore's Head  |
|             3 | Barbados Slim   |
|             4 | Ogden Wernstrom |
|             5 | Leo Wong        |
|             1 | Zapp Brannigan  |
+---------------+-----------------+
5 rows in set (0.00 sec)

MariaDB [mytestdb]> create VIEW v2 as Select distinct rep.AccountNumber,rep.Name as Client
    -> from Package p 
    -> left join Client rep on rep.AccountNumber=p.Recipient
    -> where p.Contents ='Undeclared';
ERROR 1050 (42S01): Table 'v2' already exists
MariaDB [mytestdb]> Create VIEW v6 as Select distinct rep.AccountNumber,rep.Name as Client
    -> from Package p 
    -> left join Client rep on rep.AccountNumber=p.Recipient
    -> where p.Contents ='Undeclared';
Query OK, 0 rows affected (0.05 sec)

MariaDB [mytestdb]> Select * from v6;
+---------------+-----------------+
| AccountNumber | Client          |
+---------------+-----------------+
|             2 | Al Gore's Head  |
|             3 | Barbados Slim   |
|             4 | Ogden Wernstrom |
|             5 | Leo Wong        |
|             1 | Zapp Brannigan  |
+---------------+-----------------+
5 rows in set (0.00 sec)

MariaDB [mytestdb]> Select * from Employee;
+------------+--------------------------+--------------+---------+----------------------------------------------------+
| EmployeeId | Name                     | Position     | Salary  | Remarks                                            |
+------------+--------------------------+--------------+---------+----------------------------------------------------+
|          1 | Phillip J. Fry           | Delivery boy | 7500.0  | Not to be confused with the Philip J. Fry from Hov |
|          2 | Turanga Leela            | Captain      | 10000.0 | NULL                                               |
|          3 | Bender Bending Rodriguez | Robot        | 7500.0  | NULL                                               |
|          4 | Hubert J. Farnsworth     | CEO          | 20000.0 | NULL                                               |
|          5 | John A. Zoidberg         | Physician    | 25.0    | NULL                                               |
|          6 | Amy Wong                 | Intern       | 5000.0  | NULL                                               |
|          7 | Hermes Conrad            | Bureaucrat   | 10000.0 | NULL                                               |
|          8 | Scruffy Scruffington     | Janitor      | 5000.0  | NULL                                               |
+------------+--------------------------+--------------+---------+----------------------------------------------------+
8 rows in set (0.00 sec)

MariaDB [mytestdb]> Select * from Employee where Remarks is Null;
+------------+--------------------------+------------+---------+---------+
| EmployeeId | Name                     | Position   | Salary  | Remarks |
+------------+--------------------------+------------+---------+---------+
|          2 | Turanga Leela            | Captain    | 10000.0 | NULL    |
|          3 | Bender Bending Rodriguez | Robot      | 7500.0  | NULL    |
|          4 | Hubert J. Farnsworth     | CEO        | 20000.0 | NULL    |
|          5 | John A. Zoidberg         | Physician  | 25.0    | NULL    |
|          6 | Amy Wong                 | Intern     | 5000.0  | NULL    |
|          7 | Hermes Conrad            | Bureaucrat | 10000.0 | NULL    |
|          8 | Scruffy Scruffington     | Janitor    | 5000.0  | NULL    |
+------------+--------------------------+------------+---------+---------+
7 rows in set (0.00 sec)

MariaDB [mytestdb]> Select Current_Date();
+----------------+
| Current_Date() |
+----------------+
| 2017-09-18     |
+----------------+
1 row in set (0.00 sec)

MariaDB [mytestdb]> Update Shipment set Date=Current_Date() where Date is Null;
ERROR 1054 (42S22): Unknown column 'Date' in 'where clause'
MariaDB [mytestdb]> Update Shipment set Date=Current_Date() where Date =  Null;
ERROR 1054 (42S22): Unknown column 'Date' in 'where clause'
MariaDB [mytestdb]> Select * from Shipment;
+------------+--------------+---------+----------+
| ShipmentId | ShipmentDate | Manager | PlanetId |
+------------+--------------+---------+----------+
|          1 | 3004-05-11   |       1 |        1 |
|          2 | 3004-05-11   |       1 |        2 |
|          3 | NULL         |       2 |        3 |
|          4 | NULL         |       2 |        4 |
|          5 | NULL         |       7 |        5 |
+------------+--------------+---------+----------+
5 rows in set (0.00 sec)

MariaDB [mytestdb]> Update Shipment set Date=Current_Date() where Date is  NULL;
ERROR 1054 (42S22): Unknown column 'Date' in 'where clause'
MariaDB [mytestdb]> Update Shipment set Date=Current_Date() where Date ='NULL';
ERROR 1054 (42S22): Unknown column 'Date' in 'where clause'
MariaDB [mytestdb]> Update Shipment set ShipmentDate=Current_Date() where ShipmentDate is NULL;
Query OK, 3 rows affected (0.07 sec)
Rows matched: 3  Changed: 3  Warnings: 0

MariaDB [mytestdb]> Select * from employee
    -> ;
+------------+--------------------------+--------------+---------+----------------------------------------------------+
| EmployeeId | Name                     | Position     | Salary  | Remarks                                            |
+------------+--------------------------+--------------+---------+----------------------------------------------------+
|          1 | Phillip J. Fry           | Delivery boy | 7500.0  | Not to be confused with the Philip J. Fry from Hov |
|          2 | Turanga Leela            | Captain      | 10000.0 | NULL                                               |
|          3 | Bender Bending Rodriguez | Robot        | 7500.0  | NULL                                               |
|          4 | Hubert J. Farnsworth     | CEO          | 20000.0 | NULL                                               |
|          5 | John A. Zoidberg         | Physician    | 25.0    | NULL                                               |
|          6 | Amy Wong                 | Intern       | 5000.0  | NULL                                               |
|          7 | Hermes Conrad            | Bureaucrat   | 10000.0 | NULL                                               |
|          8 | Scruffy Scruffington     | Janitor      | 5000.0  | NULL                                               |
+------------+--------------------------+--------------+---------+----------------------------------------------------+
8 rows in set (0.00 sec)

MariaDB [mytestdb]> Select Concat (Name,' is ',Position,' and earns $',Format(Salary,0) ,'/month') Details from Employee; 
ERROR 1271 (HY000): Illegal mix of collations for operation 'concat'
MariaDB [mytestdb]> Select Concat (Name,' is ',Position,' and earns $',Format(Salary,0) ,'month') Details from Employee; 
ERROR 1271 (HY000): Illegal mix of collations for operation 'concat'
MariaDB [mytestdb]> Select Concat (Name,' is ',Position,' and earns $',salary ,'month') Details from Employee; 
+----------------------------------------------------------+
| Details                                                  |
+----------------------------------------------------------+
| Phillip J. Fry is Delivery boy and earns $7500.0month    |
| Turanga Leela is Captain and earns $10000.0month         |
| Bender Bending Rodriguez is Robot and earns $7500.0month |
| Hubert J. Farnsworth is CEO and earns $20000.0month      |
| John A. Zoidberg is Physician and earns $25.0month       |
| Amy Wong is Intern and earns $5000.0month                |
| Hermes Conrad is Bureaucrat and earns $10000.0month      |
| Scruffy Scruffington is Janitor and earns $5000.0month   |
+----------------------------------------------------------+
8 rows in set (0.00 sec)

MariaDB [mytestdb]> Select Concat (Name,' is ',Position,' and earns $',FORMAT(salary,0) ,' month') Details from Employee; 
ERROR 1271 (HY000): Illegal mix of collations for operation 'concat'
MariaDB [mytestdb]> Select Concat (Name,' is ',Position,' and earns $',salary ,'month') Details from Employee; 
+----------------------------------------------------------+
| Details                                                  |
+----------------------------------------------------------+
| Phillip J. Fry is Delivery boy and earns $7500.0month    |
| Turanga Leela is Captain and earns $10000.0month         |
| Bender Bending Rodriguez is Robot and earns $7500.0month |
| Hubert J. Farnsworth is CEO and earns $20000.0month      |
| John A. Zoidberg is Physician and earns $25.0month       |
| Amy Wong is Intern and earns $5000.0month                |
| Hermes Conrad is Bureaucrat and earns $10000.0month      |
| Scruffy Scruffington is Janitor and earns $5000.0month   |
+----------------------------------------------------------+
8 rows in set (0.00 sec)

MariaDB [mytestdb]> Select Concat (Name,' is ',Position,' and earns $',salary ,'/month') Details from Employee; 
+-----------------------------------------------------------+
| Details                                                   |
+-----------------------------------------------------------+
| Phillip J. Fry is Delivery boy and earns $7500.0/month    |
| Turanga Leela is Captain and earns $10000.0/month         |
| Bender Bending Rodriguez is Robot and earns $7500.0/month |
| Hubert J. Farnsworth is CEO and earns $20000.0/month      |
| John A. Zoidberg is Physician and earns $25.0/month       |
| Amy Wong is Intern and earns $5000.0/month                |
| Hermes Conrad is Bureaucrat and earns $10000.0/month      |
| Scruffy Scruffington is Janitor and earns $5000.0/month   |
+-----------------------------------------------------------+
8 rows in set (0.00 sec)

MariaDB [mytestdb]> Select Format(Salary,0) from Employee;
+------------------+
| Format(Salary,0) |
+------------------+
| 7,500            |
| 10,000           |
| 7,500            |
| 20,000           |
| 25               |
| 5,000            |
| 10,000           |
| 5,000            |
+------------------+
8 rows in set (0.01 sec)

MariaDB [mytestdb]> Select EmployeeId,Name,Position,Format(Salary,0) as Salary, Remarks from Employee;
+------------+--------------------------+--------------+--------+----------------------------------------------------+
| EmployeeId | Name                     | Position     | Salary | Remarks                                            |
+------------+--------------------------+--------------+--------+----------------------------------------------------+
|          1 | Phillip J. Fry           | Delivery boy | 7,500  | Not to be confused with the Philip J. Fry from Hov |
|          2 | Turanga Leela            | Captain      | 10,000 | NULL                                               |
|          3 | Bender Bending Rodriguez | Robot        | 7,500  | NULL                                               |
|          4 | Hubert J. Farnsworth     | CEO          | 20,000 | NULL                                               |
|          5 | John A. Zoidberg         | Physician    | 25     | NULL                                               |
|          6 | Amy Wong                 | Intern       | 5,000  | NULL                                               |
|          7 | Hermes Conrad            | Bureaucrat   | 10,000 | NULL                                               |
|          8 | Scruffy Scruffington     | Janitor      | 5,000  | NULL                                               |
+------------+--------------------------+--------------+--------+----------------------------------------------------+
8 rows in set (0.00 sec)

MariaDB [mytestdb]> Create View v9 as  Select Concat (Name,' is ',Position,' and earns $',salary ,'/month') Details from Employee;
Query OK, 0 rows affected (0.02 sec)

MariaDB [mytestdb]> Create View V8 as Select * from Employee where Remarks is Null;
Query OK, 0 rows affected (0.05 sec)

MariaDB [mytestdb]> Create View v7 as Select EmployeeId,Name,Position,Format(Salary,0) as Salary, Remarks from Employee;
Query OK, 0 rows affected (0.05 sec)

MariaDB [mytestdb]> select v6;
ERROR 1054 (42S22): Unknown column 'v6' in 'field list'
MariaDB [mytestdb]> select * from v6;
+---------------+-----------------+
| AccountNumber | Client          |
+---------------+-----------------+
|             2 | Al Gore's Head  |
|             3 | Barbados Slim   |
|             4 | Ogden Wernstrom |
|             5 | Leo Wong        |
|             1 | Zapp Brannigan  |
+---------------+-----------------+
5 rows in set (0.00 sec)

MariaDB [mytestdb]>  Select * from has_clearance;
+----------+--------+-------+
| Employee | Planet | Level |
+----------+--------+-------+
|        1 |      1 |     2 |
|        1 |      2 |     3 |
|        2 |      3 |     2 |
|        2 |      4 |     4 |
|        3 |      5 |     2 |
|        3 |      6 |     4 |
|        4 |      7 |     1 |
+----------+--------+-------+
7 rows in set (0.00 sec)

MariaDB [mytestdb]> Select * from Planet;
+----------+------------------+------------------+
| PlanetId | Name             | Coordinate       |
+----------+------------------+------------------+
|        1 | Omicron Persei 8 |    89475345.3545 |
|        2 | Decapod X        | 65498463216.3466 |
|        3 | Mars             |   32435021.65468 |
|        4 | Omega III        |    98432121.5464 |
|        5 | Tarantulon VI    | 849842198.354654 |
|        6 | Cannibalon       |  654321987.21654 |
|        7 | DogDoo VII       |  65498721354.688 |
|        8 | Nintenduu 64     |  6543219894.1654 |
|        9 | Amazonia         | 65432135979.6547 |
+----------+------------------+------------------+
9 rows in set (0.00 sec)

MariaDB [mytestdb]> Select * from Employee;
+------------+--------------------------+--------------+---------+----------------------------------------------------+
| EmployeeId | Name                     | Position     | Salary  | Remarks                                            |
+------------+--------------------------+--------------+---------+----------------------------------------------------+
|          1 | Phillip J. Fry           | Delivery boy | 7500.0  | Not to be confused with the Philip J. Fry from Hov |
|          2 | Turanga Leela            | Captain      | 10000.0 | NULL                                               |
|          3 | Bender Bending Rodriguez | Robot        | 7500.0  | NULL                                               |
|          4 | Hubert J. Farnsworth     | CEO          | 20000.0 | NULL                                               |
|          5 | John A. Zoidberg         | Physician    | 25.0    | NULL                                               |
|          6 | Amy Wong                 | Intern       | 5000.0  | NULL                                               |
|          7 | Hermes Conrad            | Bureaucrat   | 10000.0 | NULL                                               |
|          8 | Scruffy Scruffington     | Janitor      | 5000.0  | NULL                                               |
+------------+--------------------------+--------------+---------+----------------------------------------------------+
8 rows in set (0.00 sec)

MariaDB [mytestdb]> Select emp.Name, pln.Name,pln.Coordinate,cl.Level from has_clearance cl
    -> left join Employee emp on cl.Employee=emp.EmployeeId
    -> left join Planet pln on cl.Planet=pln.PlanetId
    -> ;
+--------------------------+------------------+------------------+-------+
| Name                     | Name             | Coordinate       | Level |
+--------------------------+------------------+------------------+-------+
| Phillip J. Fry           | Omicron Persei 8 |    89475345.3545 |     2 |
| Phillip J. Fry           | Decapod X        | 65498463216.3466 |     3 |
| Turanga Leela            | Mars             |   32435021.65468 |     2 |
| Turanga Leela            | Omega III        |    98432121.5464 |     4 |
| Bender Bending Rodriguez | Tarantulon VI    | 849842198.354654 |     2 |
| Bender Bending Rodriguez | Cannibalon       |  654321987.21654 |     4 |
| Hubert J. Farnsworth     | DogDoo VII       |  65498721354.688 |     1 |
+--------------------------+------------------+------------------+-------+
7 rows in set (0.00 sec)

MariaDB [mytestdb]> Create VIEW as v3 as Select emp.Name, pln.Name,pln.Coordinate,cl.Level from has_clearance cl
    -> left join Employee emp on cl.Employee=emp.EmployeeId
    -> left join Planet pln on cl.Planet=pln.PlanetId
    -> ;
ERROR 1064 (42000): You have an error in your SQL syntax; check the manual that corresponds to your MariaDB server version for the right syntax to use near 'as v3 as Select emp.Name, pln.Name,pln.Coordinate,cl.Level from has_clearance cl' at line 1
MariaDB [mytestdb]> Select emp.Name, pln.Name,pln.Coordinate,cl.Level from has_clearance cl
    -> left join Employee emp on cl.Employee=emp.EmployeeId
    -> left join Planet pln on cl.Planet=pln.PlanetId;
+--------------------------+------------------+------------------+-------+
| Name                     | Name             | Coordinate       | Level |
+--------------------------+------------------+------------------+-------+
| Phillip J. Fry           | Omicron Persei 8 |    89475345.3545 |     2 |
| Phillip J. Fry           | Decapod X        | 65498463216.3466 |     3 |
| Turanga Leela            | Mars             |   32435021.65468 |     2 |
| Turanga Leela            | Omega III        |    98432121.5464 |     4 |
| Bender Bending Rodriguez | Tarantulon VI    | 849842198.354654 |     2 |
| Bender Bending Rodriguez | Cannibalon       |  654321987.21654 |     4 |
| Hubert J. Farnsworth     | DogDoo VII       |  65498721354.688 |     1 |
+--------------------------+------------------+------------------+-------+
7 rows in set (0.00 sec)

MariaDB [mytestdb]> Create VIEW as v3 as ;
ERROR 1064 (42000): You have an error in your SQL syntax; check the manual that corresponds to your MariaDB server version for the right syntax to use near 'as v3 as' at line 1
MariaDB [mytestdb]> select  * from v3;
+-----------------+
| Name            |
+-----------------+
| Hard drive      |
| Memory          |
| ZIP drive       |
| Floppy disk     |
| New Monitor     |
| DVD drive       |
| CD drive        |
| Printer         |
| Toner cartridge |
| DVD burner      |
| Iphone X        |
| Galaxy          |
+-----------------+
12 rows in set (0.08 sec)

MariaDB [mytestdb]> drop view v3;
Query OK, 0 rows affected (0.00 sec)

MariaDB [mytestdb]> Create View v3 as Select emp.Name, pln.Name,pln.Coordinate,cl.Level from has_clearance cl
    -> left join Employee emp on cl.Employee=emp.EmployeeId
    -> left join Planet pln on cl.Planet=pln.PlanetId;
ERROR 1060 (42S21): Duplicate column name 'Name'
MariaDB [mytestdb]> Create View v3 as Select emp.Name as EmployeeName, pln.Name as PlanetName,pln.Coordinate,cl.Level from has_clearance cl
    -> left join Employee emp on cl.Employee=emp.EmployeeId
    -> left join Planet pln on cl.Planet=pln.PlanetId
    -> ;
Query OK, 0 rows affected (0.05 sec)

MariaDB [mytestdb]> select * from v3;
+--------------------------+------------------+------------------+-------+
| EmployeeName             | PlanetName       | Coordinate       | Level |
+--------------------------+------------------+------------------+-------+
| Phillip J. Fry           | Omicron Persei 8 |    89475345.3545 |     2 |
| Phillip J. Fry           | Decapod X        | 65498463216.3466 |     3 |
| Turanga Leela            | Mars             |   32435021.65468 |     2 |
| Turanga Leela            | Omega III        |    98432121.5464 |     4 |
| Bender Bending Rodriguez | Tarantulon VI    | 849842198.354654 |     2 |
| Bender Bending Rodriguez | Cannibalon       |  654321987.21654 |     4 |
| Hubert J. Farnsworth     | DogDoo VII       |  65498721354.688 |     1 |
+--------------------------+------------------+------------------+-------+
7 rows in set (0.00 sec)

MariaDB [mytestdb]> select * from v5;
ERROR 1146 (42S02): Table 'mytestdb.v5' doesn't exist
MariaDB [mytestdb]> Select p.PackageNumber,s.Shipmentdate, p.Contents,p.Weight,
    -> snd.Name as Sender,rep.Name as Recipient, emp.Name
    -> from Package p left join Shipment s 
    -> on s.ShipmentId =p.ShipmentId 
    -> left join Client snd on snd.AccountNumber=p.Sender
    -> left join Client rep on rep.AccountNumber=p.Recipient
    -> left join Planet Pl on pl.PlanetId=s.Planet
    -> 
    -> where pl.Name= in ('Mars','Amazonia');
ERROR 1064 (42000): You have an error in your SQL syntax; check the manual that corresponds to your MariaDB server version for the right syntax to use near 'in ('Mars','Amazonia')' at line 9
MariaDB [mytestdb]> Select p.PackageNumber,s.Shipmentdate, p.Contents,p.Weight,
    -> snd.Name as Sender,rep.Name as Recipient, emp.Name
    -> from Package p left join Shipment s 
    -> on s.ShipmentId =p.ShipmentId 
    -> left join Client snd on snd.AccountNumber=p.Sender
    -> left join Client rep on rep.AccountNumber=p.Recipient
    -> left join Planet Pl on pl.PlanetId=s.Planet
    -> 
    -> where pl.Name in ('Mars','Amazonia');
ERROR 1054 (42S22): Unknown column 'emp.Name' in 'field list'
MariaDB [mytestdb]> Select p.PackageNumber,s.Shipmentdate, p.Contents,p.Weight,
    -> snd.Name as Sender,rep.Name as Recipient
    -> from Package p left join Shipment s 
    -> on s.ShipmentId =p.ShipmentId 
    -> left join Client snd on snd.AccountNumber=p.Sender
    -> left join Client rep on rep.AccountNumber=p.Recipient
    -> left join Planet Pl on pl.PlanetId=s.Planet
    -> 
    -> where pl.Name in ('Mars','Amazonia');
ERROR 1054 (42S22): Unknown column 's.Planet' in 'on clause'
MariaDB [mytestdb]> Select p.PackageNumber,s.Shipmentdate, p.Contents,p.Weight,
    -> snd.Name as Sender,rep.Name as Recipient
    -> from Package p left join Shipment s 
    -> on s.ShipmentId =p.ShipmentId 
    -> left join Client snd on snd.AccountNumber=p.Sender
    -> left join Client rep on rep.AccountNumber=p.Recipient
    -> left join Planet Pl on pl.PlanetId=s.Planet
    -> 
    -> where pl.Name = 'Mars' or pl.Name='Amazonia';
ERROR 1054 (42S22): Unknown column 's.Planet' in 'on clause'
MariaDB [mytestdb]> Select p.PackageNumber,s.Shipmentdate, p.Contents,p.Weight,
    -> snd.Name as Sender,rep.Name as Recipient
    -> from Package p left join Shipment s 
    -> on s.ShipmentId =p.ShipmentId 
    -> left join Client snd on snd.AccountNumber=p.Sender
    -> left join Client rep on rep.AccountNumber=p.Recipient
    -> left join Planet pl on pl.PlanetId=s.Planet
    -> where pl.Name = 'Mars' or pl.Name='Amazonia';
ERROR 1054 (42S22): Unknown column 's.Planet' in 'on clause'
MariaDB [mytestdb]> select * from Shipment;
+------------+--------------+---------+----------+
| ShipmentId | ShipmentDate | Manager | PlanetId |
+------------+--------------+---------+----------+
|          1 | 3004-05-11   |       1 |        1 |
|          2 | 3004-05-11   |       1 |        2 |
|          3 | 2017-09-18   |       2 |        3 |
|          4 | 2017-09-18   |       2 |        4 |
|          5 | 2017-09-18   |       7 |        5 |
+------------+--------------+---------+----------+
5 rows in set (0.00 sec)

MariaDB [mytestdb]> Select p.PackageNumber,s.Shipmentdate, p.Contents,p.Weight,
    -> snd.Name as Sender,rep.Name as Recipient
    -> from Package p left join Shipment s 
    -> on s.ShipmentId =p.ShipmentId 
    -> left join Client snd on snd.AccountNumber=p.Sender
    -> left join Client rep on rep.AccountNumber=p.Recipient
    -> left join Planet pl on pl.PlanetId=s.PlanetId
    -> where pl.Name = 'Mars' or pl.Name='Amazonia';
+---------------+--------------+------------+--------+----------------+---------------+
| PackageNumber | Shipmentdate | Contents   | Weight | Sender         | Recipient     |
+---------------+--------------+------------+--------+----------------+---------------+
|             3 | 2017-09-18   | Undeclared |      7 | Al Gore's Head | Barbados Slim |
+---------------+--------------+------------+--------+----------------+---------------+
1 row in set (0.00 sec)

MariaDB [mytestdb]> Select * from Planet;
+----------+------------------+------------------+
| PlanetId | Name             | Coordinate       |
+----------+------------------+------------------+
|        1 | Omicron Persei 8 |    89475345.3545 |
|        2 | Decapod X        | 65498463216.3466 |
|        3 | Mars             |   32435021.65468 |
|        4 | Omega III        |    98432121.5464 |
|        5 | Tarantulon VI    | 849842198.354654 |
|        6 | Cannibalon       |  654321987.21654 |
|        7 | DogDoo VII       |  65498721354.688 |
|        8 | Nintenduu 64     |  6543219894.1654 |
|        9 | Amazonia         | 65432135979.6547 |
+----------+------------------+------------------+
9 rows in set (0.00 sec)

MariaDB [mytestdb]> create view v5 as Select p.PackageNumber,s.Shipmentdate, p.Contents,p.Weight,
    -> snd.Name as Sender,rep.Name as Recipient
    -> from Package p left join Shipment s 
    -> on s.ShipmentId =p.ShipmentId 
    -> left join Client snd on snd.AccountNumber=p.Sender
    -> left join Client rep on rep.AccountNumber=p.Recipient
    -> left join Planet pl on pl.PlanetId=s.PlanetId
    -> where pl.Name = 'Mars' or pl.Name='Amazonia';
Query OK, 0 rows affected (0.07 sec)

MariaDB [mytestdb]> 